// Jest Snapshot v1, https://goo.gl/fbAQLP

exports[`Pruebas en <GifGridItem /> Debe mostrar el componente correctamente 1`] = `
<div
  className="card animate__animated animate__fadeIn"
>
  <img
    alt="Título Test"
    src="https://localhost/test.jgp"
  />
  <p>
    Título Test
  </p>
</div>
`;
